LineBreakpoint created at variousLocalReturns.kt:31
Run Java
Connected to the target VM
variousLocalReturns.kt:31
Compile bytecode for block()
Disconnected from the target VM

Process finished with exit code 0
