LineBreakpoint created at multistatementLine.kt:14
Run Java
Connected to the target VM
multistatementLine.kt:14
Compile bytecode for T::class
Disconnected from the target VM

Process finished with exit code 0
